🧪 Testing systematic experiments fix...
Random seed set to 42 for reproducibility
Random seed set to 42 for reproducibility
Random seed set to 42 for reproducibility
ExperimentRunner initialized - Device: cpu, Output: test_systematic_fix\simple_linear_latent4_20250604_174740
Training SimpleLinearAutoencoder for 1 epochs on cpu
Learning rate: 0.001
Selected visualization samples: 4 total (2 per class)
  consistent_layers: indices [0, 1]
  variable_layers: indices [20, 21]
Selected training visualization samples: 4 total (2 per class)
  Train consistent_layers: indices [1, 2]
  Train variable_layers: indices [0, 3]
Visualizing at epochs: [0]
Epoch: 1/1, Step: 0 | train loss: 0.2509 | test loss: 0.2585
Performing final visualization at epoch 1/1, step 9
Epoch: 1/1, Step: 9 | train loss: 0.2381 | test loss: 0.2370
Epoch 1/1 completed | Train loss: 0.2475 | Test loss: 0.2370
Training completed in 27.84 seconds
Generating final latent space visualization and metrics

============================================================
📊 FINAL VISUALIZATION GENERATION
============================================================
Generating final reconstruction visualizations...
Generating final latent space analysis...
============================================================
✅ FINAL VISUALIZATION COMPLETE
============================================================

======================================================================
🎯 FINAL EXPERIMENT RESULTS
======================================================================
📊 Training Summary:
   • Model: SimpleLinearAutoencoder
   • Training Time: 27.84 seconds
   • Total Epochs: 1
   • Learning Rate: 0.001

📈 Final Loss Metrics:
   • Final Train Loss: 0.237401
   • Final Test Loss: 0.236956

🎯 Final Silhouette Scores (Latent Space Quality):
   • Training Data: 0.5738
   • Test Data: 0.5996
======================================================================
✅ Experiment Complete!
======================================================================

Model saved to test_systematic_fix\simple_linear_latent4_20250604_174740\simple_linear_latent4_20250604_174740_model.pth
Random seed set to 42 for reproducibility
Random seed set to 42 for reproducibility
ExperimentRunner initialized - Device: cpu, Output: test_systematic_fix\simple_linear_latent8_20250604_174816
Training SimpleLinearAutoencoder for 1 epochs on cpu
Learning rate: 0.001
Selected visualization samples: 4 total (2 per class)
  consistent_layers: indices [0, 1]
  variable_layers: indices [20, 21]
Selected training visualization samples: 4 total (2 per class)
  Train consistent_layers: indices [1, 2]
  Train variable_layers: indices [0, 3]
Visualizing at epochs: [0]
Epoch: 1/1, Step: 0 | train loss: 0.2506 | test loss: 0.2543
Performing final visualization at epoch 1/1, step 9
Epoch: 1/1, Step: 9 | train loss: 0.2412 | test loss: 0.2400
Epoch 1/1 completed | Train loss: 0.2483 | Test loss: 0.2400
Training completed in 5.62 seconds
Generating final latent space visualization and metrics

============================================================
📊 FINAL VISUALIZATION GENERATION
============================================================
Generating final reconstruction visualizations...
Generating final latent space analysis...
============================================================
✅ FINAL VISUALIZATION COMPLETE
============================================================

======================================================================
🎯 FINAL EXPERIMENT RESULTS
======================================================================
📊 Training Summary:
   • Model: SimpleLinearAutoencoder
   • Training Time: 5.62 seconds
   • Total Epochs: 1
   • Learning Rate: 0.001

📈 Final Loss Metrics:
   • Final Train Loss: 0.240248
   • Final Test Loss: 0.239989

🎯 Final Silhouette Scores (Latent Space Quality):
   • Training Data: 0.5996
   • Test Data: 0.6416
======================================================================
✅ Experiment Complete!
======================================================================

Model saved to test_systematic_fix\simple_linear_latent8_20250604_174816\simple_linear_latent8_20250604_174816_model.pth
Saved systematic training curves to: test_systematic_fix/systematic_training_curves.png

🎨 Generating Comprehensive Visualization Report...
============================================================
📊 Creating individual training curves...
🔥 Creating performance analysis...
🏗️ Creating latent dimension analysis...
📋 Creating comparison tables...

================================================================================
EXPERIMENT RESULTS SUMMARY
================================================================================

📊 Best Models by Reconstruction (Test Loss):
------------------------------------------------------------
 Architecture  Latent Dim  Learning Rate  Epochs Train Loss Test Loss Train Silhouette Test Silhouette Training Time
simple_linear           4          0.001       1     0.2374    0.2370           0.5738          0.5996        27.84s
simple_linear           8          0.001       1     0.2402    0.2400           0.5996          0.6416         5.62s

🎯 Best Models by Cluster Separation (Test Silhouette):
------------------------------------------------------------
 Architecture  Latent Dim  Learning Rate  Epochs Train Loss Test Loss Train Silhouette Test Silhouette Training Time
simple_linear           8          0.001       1     0.2402    0.2400           0.5996          0.6416         5.62s
simple_linear           4          0.001       1     0.2374    0.2370           0.5738          0.5996        27.84s
💾 Saving experiment summary...
📁 Experiment summary saved to: test_systematic_fix\experiment_summary_20250604_174842.csv

✅ Comprehensive visualization report complete!
📁 All files saved to: test_systematic_fix
❌ ERROR: generate_reconstruction_comparison_report() got an unexpected keyword argument 'experiment_results'
Traceback (most recent call last):
  File "C:\PycharmProjects\AutoEncoder_Experimentation\test_systematic_fix.py", line 31, in test_systematic_experiments_fix
    results = run_systematic_experiments(**test_config)
  File "C:\PycharmProjects\AutoEncoder_Experimentation\autoencoder_lib\experiment\wrappers.py", line 490, in run_systematic_experiments
    reconstruction_files = generate_reconstruction_comparison_report(
TypeError: generate_reconstruction_comparison_report() got an unexpected keyword argument 'experiment_results'

==================================================
💥 Fix needs more work!
